// Jest Snapshot v1, https://goo.gl/fbAQLP

exports[`draw link and circle 1`] = `
<div>
  
    
  <svg
    height="800"
    id="svg02"
    width="700"
    xmlns="http://www.w3.org/2000/svg"
  >
    
    
    <line
      id="root10"
      marker-end="url(#arr)"
      stroke="#aaa"
      stroke-width="8"
      x1="230"
      x2="318.8582797093769"
      y1="310"
      y2="87.8543007265578"
    />
    <line
      id="root11"
      marker-end="url(#arr)"
      stroke="#aaa"
      stroke-width="8"
      x1="330"
      x2="418.8582797093769"
      y1="60"
      y2="282.14569927344223"
    />
    <line
      id="root12"
      marker-end="url(#arr)"
      stroke="#aaa"
      stroke-width="8"
      x1="430"
      x2="260"
      y1="310"
      y2="310"
    />
    <line
      id="re_root10"
      marker-end=""
      stroke="#aaa"
      stroke-width="0"
      x1="230"
      x2="400"
      y1="310"
      y2="310"
    />
    <line
      id="re_root11"
      marker-end=""
      stroke="#aaa"
      stroke-width="0"
      x1="330"
      x2="241.1417202906231"
      y1="60"
      y2="282.14569927344223"
    />
    <line
      id="re_root12"
      marker-end=""
      stroke="#aaa"
      stroke-width="0"
      x1="430"
      x2="341.1417202906231"
      y1="310"
      y2="87.8543007265578"
    />
    <circle
      cx="230"
      cy="310"
      fill="#99aaee"
      id="start"
      r="10"
      stroke="black"
    />
    <circle
      cx="330"
      cy="60"
      fill="#99aaee"
      id="1"
      r="15"
      stroke="black"
    />
    <circle
      cx="430"
      cy="310"
      fill="#99aaee"
      id="goal"
      r="10"
      stroke="black"
    />
  </svg>
  
  
</div>
`;
